******************************************************************************
                  TI ARM Linker PC v20.2.5                     
******************************************************************************
>> Linked Sat Sep 18 16:03:20 2021

OUTPUT FILE NAME:   <UAR_task.out>
ENTRY POINT SYMBOL: "_c_int00_noargs"  address: 00004059


MEMORY CONFIGURATION

         name            origin    length      used     unused   attr    fill
----------------------  --------  ---------  --------  --------  ----  --------
  FLASH                 00000000   00040000  0000421e  0003bde2  R  X
  SRAM                  20000000   00008000  000051a0  00002e60  RW X


SEGMENT ALLOCATION MAP

run origin  load origin   length   init length attrs members
----------  ----------- ---------- ----------- ----- -------
00000000    00000000    00004220   00004220    r-x
  00000000    00000000    0000026c   0000026c    r-- .intvecs
  0000026c    0000026c    00003efa   00003efa    r-x .text
  00004168    00004168    00000078   00000078    r-- .const
  000041e0    000041e0    00000040   00000040    r-- .cinit
20000000    20000000    000051a0   00000000    rw-
  20000000    20000000    00004f58   00000000    rw- .bss
  20004f58    20004f58    00000200   00000000    rw- .stack
  20005158    20005158    00000048   00000000    rw- .data


SECTION ALLOCATION MAP

 output                                  attributes/
section   page    origin      length       input sections
--------  ----  ----------  ----------   ----------------
.intvecs   0    00000000    0000026c     
                  00000000    0000026c     tm4c123gh6pm_startup_ccs.obj (.intvecs)

.text      0    0000026c    00003efa     
                  0000026c    000023b4     tasks.obj (.text)
                  00002620    00000d84     queue.obj (.text)
                  000033a4    000001d8     heap_2.obj (.text)
                  0000357c    000001c8     port.obj (.text)
                  00003744    0000016c     driverlib.lib : gpio.obj (.text:GPIOPadConfigSet)
                  000038b0    00000150     main.obj (.text)
                  00003a00    00000132     list.obj (.text)
                  00003b32    00000002     --HOLE-- [fill = 0]
                  00003b34    00000118     driverlib.lib : sysctl.obj (.text:SysCtlClockGet)
                  00003c4c    000000f4                   : sysctl.obj (.text:SysCtlClockSet)
                  00003d40    000000da     portasm.obj (.text)
                  00003e1a    0000009c     rtsv7M4_T_le_v4SPD16_eabi.lib : memcpy_t2.asm.obj (.text)
                  00003eb6    0000007a                                   : memset_t2.asm.obj (.text)
                  00003f30    00000068                                   : copy_decompress_lzss.c.obj (.text:decompress:lzss:__TI_decompress_lzss)
                  00003f98    00000046     driverlib.lib : uart.obj (.text:UARTConfigSetExpClk)
                  00003fde    00000002     --HOLE-- [fill = 0]
                  00003fe0    00000044     rtsv7M4_T_le_v4SPD16_eabi.lib : autoinit.c.obj (.text:__TI_auto_init_nobinit_nopinit:__TI_auto_init_nobinit_nopinit)
                  00004024    00000034     driverlib.lib : sysctl.obj (.text:SysCtlPeripheralEnable)
                  00004058    00000034     rtsv7M4_T_le_v4SPD16_eabi.lib : boot_cortex_m.c.obj (.text:_c_int00_noargs:_c_int00_noargs)
                  0000408c    0000002c     driverlib.lib : gpio.obj (.text:GPIODirModeSet)
                  000040b8    00000020                   : uart.obj (.text:UARTDisable)
                  000040d8    0000001a                   : gpio.obj (.text:GPIOPinTypeGPIOOutput)
                  000040f2    00000016                   : gpio.obj (.text:GPIOPinTypeUART)
                  00004108    00000014                   : uart.obj (.text:UARTEnable)
                  0000411c    0000000e     rtsv7M4_T_le_v4SPD16_eabi.lib : copy_decompress_none.c.obj (.text:decompress:none:__TI_decompress_none)
                  0000412a    0000000c                                   : copy_zero_init.c.obj (.text:decompress:ZI:__TI_zero_init)
                  00004136    0000000c     tm4c123gh6pm_startup_ccs.obj (.text)
                  00004142    0000000a     driverlib.lib : uart.obj (.text:UARTCharGet)
                  0000414c    00000006                   : gpio.obj (.text:GPIOPinWrite)
                  00004152    00000006                   : sysctl.obj (.text:SysCtlDelay)
                  00004158    00000006                   : uart.obj (.text:UARTClockSourceSet)
                  0000415e    00000004     rtsv7M4_T_le_v4SPD16_eabi.lib : pre_init.c.obj (.text:_system_pre_init)
                  00004162    00000004                                   : exit.c.obj (.text:abort:abort)

.const     0    00004168    00000078     
                  00004168    0000006c     driverlib.lib : sysctl.obj (.const:g_pui32Xtals)
                  000041d4    00000008     port.obj (.const)
                  000041dc    00000004     tasks.obj (.const)

.cinit     0    000041e0    00000040     
                  000041e0    0000001b     (.cinit..data.load) [load image, compression = lzss]
                  000041fb    00000001     --HOLE-- [fill = 0]
                  000041fc    0000000c     (__TI_handler_table)
                  00004208    00000008     (.cinit..bss.load) [load image, compression = zero_init]
                  00004210    00000010     (__TI_cinit_table)

.init_array 
*          0    00000000    00000000     UNINITIALIZED

.bss       0    20000000    00004f58     UNINITIALIZED
                  20000000    00004e20     heap_2.obj (.bss:ucHeap)
                  20004e20    00000064     tasks.obj (.bss:pxReadyTasksLists)
                  20004e84    00000050     (.common:xQueueRegistry)
                  20004ed4    00000014     tasks.obj (.bss:xDelayedTaskList1)
                  20004ee8    00000014     tasks.obj (.bss:xDelayedTaskList2)
                  20004efc    00000014     tasks.obj (.bss:xPendingReadyList)
                  20004f10    00000014     tasks.obj (.bss:xSuspendedTaskList)
                  20004f24    00000014     tasks.obj (.bss:xTasksWaitingTermination)
                  20004f38    00000008     tasks.obj (.bss)
                  20004f40    00000008     heap_2.obj (.bss:xEnd)
                  20004f48    00000008     heap_2.obj (.bss:xStart)
                  20004f50    00000004     (.common:LED_Color)
                  20004f54    00000004     (.common:dataFromUART)

.data      0    20005158    00000048     UNINITIALIZED
                  20005158    00000034     tasks.obj (.data)
                  2000518c    0000000c     port.obj (.data)
                  20005198    00000008     heap_2.obj (.data)

.stack     0    20004f58    00000200     UNINITIALIZED
                  20004f58    00000004     rtsv7M4_T_le_v4SPD16_eabi.lib : boot_cortex_m.c.obj (.stack)
                  20004f5c    000001fc     --HOLE--

__llvm_prf_cnts 
*          0    20000000    00000000     UNINITIALIZED

MODULE SUMMARY

       Module                         code    ro data   rw data
       ------                         ----    -------   -------
    .\
       heap_2.obj                     472     0         20024  
       tasks.obj                      9140    4         260    
       queue.obj                      3460    0         80     
       tm4c123gh6pm_startup_ccs.obj   12      620       0      
       port.obj                       456     8         12     
       main.obj                       336     0         8      
       list.obj                       306     0         0      
       portasm.obj                    218     0         0      
    +--+------------------------------+-------+---------+---------+
       Total:                         14400   632       20384  
                                                               
    C:/ti/TivaWare_C_Series-2.2.0.295/driverlib/ccs/Debug/driverlib.lib
       sysctl.obj                     582     108       0      
       gpio.obj                       462     0         0      
       uart.obj                       138     0         0      
    +--+------------------------------+-------+---------+---------+
       Total:                         1182    108       0      
                                                               
    C:\ti\ccs1040\ccs\tools\compiler\ti-cgt-arm_20.2.5.LTS\lib\rtsv7M4_T_le_v4SPD16_eabi.lib
       memcpy_t2.asm.obj              156     0         0      
       memset_t2.asm.obj              122     0         0      
       copy_decompress_lzss.c.obj     104     0         0      
       autoinit.c.obj                 68      0         0      
       boot_cortex_m.c.obj            52      0         0      
       copy_decompress_none.c.obj     14      0         0      
       copy_zero_init.c.obj           12      0         0      
       exit.c.obj                     4       0         0      
       pre_init.c.obj                 4       0         0      
    +--+------------------------------+-------+---------+---------+
       Total:                         536     0         0      
                                                               
       Stack:                         0       0         512    
       Linker Generated:              0       63        0      
    +--+------------------------------+-------+---------+---------+
       Grand Total:                   16118   803       20896  


LINKER GENERATED COPY TABLES

__TI_cinit_table @ 00004210 records: 2, size/record: 8, table size: 16
	.data: load addr=000041e0, load size=0000001b bytes, run addr=20005158, run size=00000048 bytes, compression=lzss
	.bss: load addr=00004208, load size=00000008 bytes, run addr=20000000, run size=00004f58 bytes, compression=zero_init


LINKER GENERATED HANDLER TABLE

__TI_handler_table @ 000041fc records: 3, size/record: 4, table size: 12
	index: 0, handler: __TI_decompress_lzss
	index: 1, handler: __TI_decompress_none
	index: 2, handler: __TI_zero_init


GLOBAL SYMBOLS: SORTED ALPHABETICALLY BY Name 

address   name                               
-------   ----                               
00004163  C$$EXIT                            
0000408d  GPIODirModeSet                     
00003745  GPIOPadConfigSet                   
000040d9  GPIOPinTypeGPIOOutput              
000040f3  GPIOPinTypeUART                    
0000414d  GPIOPinWrite                       
20004f50  LED_Color                          
00003929  PORTF_Init                         
00004137  ResetISR                           
00003b35  SysCtlClockGet                     
00003c4d  SysCtlClockSet                     
00004153  SysCtlDelay                        
00004025  SysCtlPeripheralEnable             
0000393b  UART0_Init                         
00004143  UARTCharGet                        
00004159  UARTClockSourceSet                 
00003f99  UARTConfigSetExpClk                
000040b9  UARTDisable                        
00004109  UARTEnable                         
20005158  __STACK_END                        
00000200  __STACK_SIZE                       
20005158  __STACK_TOP                        
00004210  __TI_CINIT_Base                    
00004220  __TI_CINIT_Limit                   
000041fc  __TI_Handler_Table_Base            
00004208  __TI_Handler_Table_Limit           
00003fe1  __TI_auto_init_nobinit_nopinit     
00003f31  __TI_decompress_lzss               
0000411d  __TI_decompress_none               
ffffffff  __TI_pprof_out_hndl                
ffffffff  __TI_prof_data_size                
ffffffff  __TI_prof_data_start               
00000000  __TI_static_base__                 
0000412b  __TI_zero_init                     
00003eb7  __aeabi_memclr                     
00003eb7  __aeabi_memclr4                    
00003eb7  __aeabi_memclr8                    
00003e1b  __aeabi_memcpy                     
00003e1b  __aeabi_memcpy4                    
00003e1b  __aeabi_memcpy8                    
00003eb9  __aeabi_memset                     
00003eb9  __aeabi_memset4                    
00003eb9  __aeabi_memset8                    
ffffffff  __binit__                          
ffffffff  __c_args__                         
UNDEFED   __mpu_init                         
20004f58  __stack                            
20000000  __start___llvm_prf_cnts            
20000000  __stop___llvm_prf_cnts             
00004059  _c_int00_noargs                    
UNDEFED   _system_post_cinit                 
0000415f  _system_pre_init                   
00004163  abort                              
ffffffff  binit                              
20004f54  dataFromUART                       
00000655  eTaskGetState                      
00000000  g_pfnVectors                       
00003975  main                               
00003e1b  memcpy                             
00003ebf  memset                             
00003317  pcQueueGetName                     
00000e19  pcTaskGetName                      
000033a5  pvPortMalloc                       
00001e1f  pvTaskIncrementMutexHeldCount      
20005158  pxCurrentTCB                       
0000357d  pxPortInitialiseStack              
000038b1  task1                              
0000390b  task2                              
00003043  ucQueueGetQueueType                
000041d4  ulMaxSyscallInterruptPriority      
00003d51  ulPortGetIPSR                      
00001e45  ulTaskGenericNotifyTake            
000024d3  ulTaskGenericNotifyValueClear      
00003aeb  uxListRemove                       
00003023  uxQueueGetQueueNumber              
00002fc1  uxQueueMessagesWaiting             
00002ff7  uxQueueMessagesWaitingFromISR      
00002fd7  uxQueueSpacesAvailable             
00000e0d  uxTaskGetNumberOfTasks             
00001a65  uxTaskGetStackHighWaterMark        
00000fa9  uxTaskGetSystemState               
000017d1  uxTaskGetTaskNumber                
00000719  uxTaskPriorityGet                  
00000741  uxTaskPriorityGetFromISR           
00001df9  uxTaskResetEventItemValue          
000041dc  uxTopUsedPriority                  
00003a01  vListInitialise                    
00003a31  vListInitialiseItem                
00003a7d  vListInsert                        
00003a41  vListInsertEnd                     
00003e0d  vPortEnableVFP                     
0000367b  vPortEndScheduler                  
0000367d  vPortEnterCritical                 
0000369d  vPortExitCritical                  
000034bd  vPortFree                          
00003521  vPortInitialiseBlocks              
00003dc9  vPortSVCHandler                    
000036d9  vPortSetupTimerInterrupt           
00003de9  vPortStartFirstTask                
000036f3  vPortValidateInterruptPriority     
000032a9  vQueueAddToRegistry                
0000300d  vQueueDelete                       
00003031  vQueueSetQueueNumber               
00003357  vQueueUnregisterQueue              
00000601  vTaskDelay                         
000004c7  vTaskDelete                        
00000be1  vTaskEndScheduler                  
00002321  vTaskGenericNotifyGiveFromISR      
000018d5  vTaskGetInfo                       
000016fb  vTaskInternalSetTimeOutState       
000017c5  vTaskMissedYield                   
000013d1  vTaskPlaceOnEventList              
00001401  vTaskPlaceOnUnorderedEventList     
00001d05  vTaskPriorityDisinheritAfterTimeout
0000078d  vTaskPrioritySet                   
000015c1  vTaskRemoveFromUnorderedEventList  
000009ef  vTaskResume                        
000017f1  vTaskSetTaskNumber                 
000016dd  vTaskSetTimeOutState               
00000b97  vTaskStartScheduler                
000008dd  vTaskSuspend                       
00000bfd  vTaskSuspendAll                    
0000134d  vTaskSwitchContext                 
0000351b  xPortGetFreeHeapSize               
00003d69  xPortPendSVHandler                 
000035e7  xPortStartScheduler                
000036b3  xPortSysTickHandler                
0000287d  xQueueCreateCountingSemaphore      
000027cd  xQueueCreateMutex                  
000026f3  xQueueGenericCreate                
00002621  xQueueGenericReset                 
000028ad  xQueueGenericSend                  
000029e3  xQueueGenericSendFromISR           
00002a89  xQueueGiveFromISR                  
000027f9  xQueueGiveMutexRecursive           
0000323d  xQueueIsQueueEmptyFromISR          
00003283  xQueueIsQueueFullFromISR           
00002da5  xQueuePeek                         
00002f6b  xQueuePeekFromISR                  
00002b21  xQueueReceive                      
00002ecd  xQueueReceiveFromISR               
20004e84  xQueueRegistry                     
00002c45  xQueueSemaphoreTake                
00002835  xQueueTakeMutexRecursive           
000010a1  xTaskAbortDelay                    
00001081  xTaskCatchUpTicks                  
00001719  xTaskCheckForTimeOut               
0000026d  xTaskCreate                        
00000553  xTaskDelayUntil                    
00001fb5  xTaskGenericNotify                 
0000213d  xTaskGenericNotifyFromISR          
00002489  xTaskGenericNotifyStateClear       
00001eeb  xTaskGenericNotifyWait             
00001ad1  xTaskGetCurrentTaskHandle          
00000f25  xTaskGetHandle                     
0000107b  xTaskGetIdleTaskHandle             
00001af1  xTaskGetSchedulerState             
00000db9  xTaskGetTickCount                  
00000dd9  xTaskGetTickCountFromISR           
00001181  xTaskIncrementTick                 
00001c31  xTaskPriorityDisinherit            
00001b31  xTaskPriorityInherit               
0000146d  xTaskRemoveFromEventList           
00000c19  xTaskResumeAll                     
00000abd  xTaskResumeFromISR                 


GLOBAL SYMBOLS: SORTED BY Symbol Address 

address   name                               
-------   ----                               
00000000  __TI_static_base__                 
00000000  g_pfnVectors                       
00000200  __STACK_SIZE                       
0000026d  xTaskCreate                        
000004c7  vTaskDelete                        
00000553  xTaskDelayUntil                    
00000601  vTaskDelay                         
00000655  eTaskGetState                      
00000719  uxTaskPriorityGet                  
00000741  uxTaskPriorityGetFromISR           
0000078d  vTaskPrioritySet                   
000008dd  vTaskSuspend                       
000009ef  vTaskResume                        
00000abd  xTaskResumeFromISR                 
00000b97  vTaskStartScheduler                
00000be1  vTaskEndScheduler                  
00000bfd  vTaskSuspendAll                    
00000c19  xTaskResumeAll                     
00000db9  xTaskGetTickCount                  
00000dd9  xTaskGetTickCountFromISR           
00000e0d  uxTaskGetNumberOfTasks             
00000e19  pcTaskGetName                      
00000f25  xTaskGetHandle                     
00000fa9  uxTaskGetSystemState               
0000107b  xTaskGetIdleTaskHandle             
00001081  xTaskCatchUpTicks                  
000010a1  xTaskAbortDelay                    
00001181  xTaskIncrementTick                 
0000134d  vTaskSwitchContext                 
000013d1  vTaskPlaceOnEventList              
00001401  vTaskPlaceOnUnorderedEventList     
0000146d  xTaskRemoveFromEventList           
000015c1  vTaskRemoveFromUnorderedEventList  
000016dd  vTaskSetTimeOutState               
000016fb  vTaskInternalSetTimeOutState       
00001719  xTaskCheckForTimeOut               
000017c5  vTaskMissedYield                   
000017d1  uxTaskGetTaskNumber                
000017f1  vTaskSetTaskNumber                 
000018d5  vTaskGetInfo                       
00001a65  uxTaskGetStackHighWaterMark        
00001ad1  xTaskGetCurrentTaskHandle          
00001af1  xTaskGetSchedulerState             
00001b31  xTaskPriorityInherit               
00001c31  xTaskPriorityDisinherit            
00001d05  vTaskPriorityDisinheritAfterTimeout
00001df9  uxTaskResetEventItemValue          
00001e1f  pvTaskIncrementMutexHeldCount      
00001e45  ulTaskGenericNotifyTake            
00001eeb  xTaskGenericNotifyWait             
00001fb5  xTaskGenericNotify                 
0000213d  xTaskGenericNotifyFromISR          
00002321  vTaskGenericNotifyGiveFromISR      
00002489  xTaskGenericNotifyStateClear       
000024d3  ulTaskGenericNotifyValueClear      
00002621  xQueueGenericReset                 
000026f3  xQueueGenericCreate                
000027cd  xQueueCreateMutex                  
000027f9  xQueueGiveMutexRecursive           
00002835  xQueueTakeMutexRecursive           
0000287d  xQueueCreateCountingSemaphore      
000028ad  xQueueGenericSend                  
000029e3  xQueueGenericSendFromISR           
00002a89  xQueueGiveFromISR                  
00002b21  xQueueReceive                      
00002c45  xQueueSemaphoreTake                
00002da5  xQueuePeek                         
00002ecd  xQueueReceiveFromISR               
00002f6b  xQueuePeekFromISR                  
00002fc1  uxQueueMessagesWaiting             
00002fd7  uxQueueSpacesAvailable             
00002ff7  uxQueueMessagesWaitingFromISR      
0000300d  vQueueDelete                       
00003023  uxQueueGetQueueNumber              
00003031  vQueueSetQueueNumber               
00003043  ucQueueGetQueueType                
0000323d  xQueueIsQueueEmptyFromISR          
00003283  xQueueIsQueueFullFromISR           
000032a9  vQueueAddToRegistry                
00003317  pcQueueGetName                     
00003357  vQueueUnregisterQueue              
000033a5  pvPortMalloc                       
000034bd  vPortFree                          
0000351b  xPortGetFreeHeapSize               
00003521  vPortInitialiseBlocks              
0000357d  pxPortInitialiseStack              
000035e7  xPortStartScheduler                
0000367b  vPortEndScheduler                  
0000367d  vPortEnterCritical                 
0000369d  vPortExitCritical                  
000036b3  xPortSysTickHandler                
000036d9  vPortSetupTimerInterrupt           
000036f3  vPortValidateInterruptPriority     
00003745  GPIOPadConfigSet                   
000038b1  task1                              
0000390b  task2                              
00003929  PORTF_Init                         
0000393b  UART0_Init                         
00003975  main                               
00003a01  vListInitialise                    
00003a31  vListInitialiseItem                
00003a41  vListInsertEnd                     
00003a7d  vListInsert                        
00003aeb  uxListRemove                       
00003b35  SysCtlClockGet                     
00003c4d  SysCtlClockSet                     
00003d51  ulPortGetIPSR                      
00003d69  xPortPendSVHandler                 
00003dc9  vPortSVCHandler                    
00003de9  vPortStartFirstTask                
00003e0d  vPortEnableVFP                     
00003e1b  __aeabi_memcpy                     
00003e1b  __aeabi_memcpy4                    
00003e1b  __aeabi_memcpy8                    
00003e1b  memcpy                             
00003eb7  __aeabi_memclr                     
00003eb7  __aeabi_memclr4                    
00003eb7  __aeabi_memclr8                    
00003eb9  __aeabi_memset                     
00003eb9  __aeabi_memset4                    
00003eb9  __aeabi_memset8                    
00003ebf  memset                             
00003f31  __TI_decompress_lzss               
00003f99  UARTConfigSetExpClk                
00003fe1  __TI_auto_init_nobinit_nopinit     
00004025  SysCtlPeripheralEnable             
00004059  _c_int00_noargs                    
0000408d  GPIODirModeSet                     
000040b9  UARTDisable                        
000040d9  GPIOPinTypeGPIOOutput              
000040f3  GPIOPinTypeUART                    
00004109  UARTEnable                         
0000411d  __TI_decompress_none               
0000412b  __TI_zero_init                     
00004137  ResetISR                           
00004143  UARTCharGet                        
0000414d  GPIOPinWrite                       
00004153  SysCtlDelay                        
00004159  UARTClockSourceSet                 
0000415f  _system_pre_init                   
00004163  C$$EXIT                            
00004163  abort                              
000041d4  ulMaxSyscallInterruptPriority      
000041dc  uxTopUsedPriority                  
000041fc  __TI_Handler_Table_Base            
00004208  __TI_Handler_Table_Limit           
00004210  __TI_CINIT_Base                    
00004220  __TI_CINIT_Limit                   
20000000  __start___llvm_prf_cnts            
20000000  __stop___llvm_prf_cnts             
20004e84  xQueueRegistry                     
20004f50  LED_Color                          
20004f54  dataFromUART                       
20004f58  __stack                            
20005158  __STACK_END                        
20005158  __STACK_TOP                        
20005158  pxCurrentTCB                       
ffffffff  __TI_pprof_out_hndl                
ffffffff  __TI_prof_data_size                
ffffffff  __TI_prof_data_start               
ffffffff  __binit__                          
ffffffff  __c_args__                         
ffffffff  binit                              
UNDEFED   __mpu_init                         
UNDEFED   _system_post_cinit                 

[165 symbols]
